bin/libcppformat.dll
libgrammar/libgrammar.dll
libixxx/libixxx.dll
libixxxutil/libixxxutil.dll
libxfsx/libxfsx.dll
libxxxml/libxxxml.dll
main.exe
ut.exe
/usr/x86_64-w64-mingw32/sys-root/mingw/bin/iconv.dll
/usr/x86_64-w64-mingw32/sys-root/mingw/bin/libboost_filesystem-mt.dll
/usr/x86_64-w64-mingw32/sys-root/mingw/bin/libboost_regex-mt.dll
/usr/x86_64-w64-mingw32/sys-root/mingw/bin/libboost_system-mt.dll
/usr/x86_64-w64-mingw32/sys-root/mingw/bin/libbz2-1.dll
/usr/x86_64-w64-mingw32/sys-root/mingw/bin/libfreetype-6.dll
/usr/x86_64-w64-mingw32/sys-root/mingw/bin/libgcc_s_seh-1.dll
/usr/x86_64-w64-mingw32/sys-root/mingw/bin/libGLESv2.dll
/usr/x86_64-w64-mingw32/sys-root/mingw/bin/libglib-2.0-0.dll
/usr/x86_64-w64-mingw32/sys-root/mingw/bin/libharfbuzz-0.dll
/usr/x86_64-w64-mingw32/sys-root/mingw/bin/libintl-8.dll
/usr/x86_64-w64-mingw32/sys-root/mingw/bin/libjpeg-62.dll
/usr/x86_64-w64-mingw32/sys-root/mingw/bin/libpcre16-0.dll
/usr/x86_64-w64-mingw32/sys-root/mingw/bin/libpng16-16.dll
/usr/x86_64-w64-mingw32/sys-root/mingw/bin/libstdc++-6.dll
/usr/x86_64-w64-mingw32/sys-root/mingw/bin/libwinpthread-1.dll
/usr/x86_64-w64-mingw32/sys-root/mingw/bin/libxml2-2.dll
/usr/x86_64-w64-mingw32/sys-root/mingw/bin/Qt5Core.dll
/usr/x86_64-w64-mingw32/sys-root/mingw/bin/Qt5Gui.dll
/usr/x86_64-w64-mingw32/sys-root/mingw/bin/Qt5Test.dll
/usr/x86_64-w64-mingw32/sys-root/mingw/bin/Qt5Widgets.dll
/usr/x86_64-w64-mingw32/sys-root/mingw/bin/zlib1.dll
/usr/x86_64-w64-mingw32/sys-root/mingw/lib/qt5/plugins/imageformats/qgif.dll
/usr/x86_64-w64-mingw32/sys-root/mingw/lib/qt5/plugins/imageformats/qico.dll
/usr/x86_64-w64-mingw32/sys-root/mingw/lib/qt5/plugins/imageformats/qjpeg.dll
/usr/x86_64-w64-mingw32/sys-root/mingw/lib/qt5/plugins/platforms/qwindows.dll
